PASS src/__tests__/productAttributeService.test.ts (6.445 s)
  ● Console

    console.log
      ◇ injected env (0) from .env.test // tip: ⌁ auth for agents [www.vestauth.com]

      at _log (node_modules/dotenv/lib/main.js:131:11)

    console.log
      ◇ injected env (10) from .env // tip: ⌘ multiple files { path: ['.env.local', '.env'] }

      at _log (node_modules/dotenv/lib/main.js:131:11)

    console.log
      ◇ injected env (0) from .env // tip: ⌁ auth for agents [www.vestauth.com]

      at _log (node_modules/dotenv/lib/main.js:131:11)

PASS src/__tests__/outlet.test.ts (7.133 s)
  ● Console

    console.log
      ◇ injected env (0) from .env.test // tip: ⌘ multiple files { path: ['.env.local', '.env'] }

      at _log (node_modules/dotenv/lib/main.js:131:11)

    console.log
      ◇ injected env (10) from .env // tip: ⌘ custom filepath { path: '/custom/path/.env' }

      at _log (node_modules/dotenv/lib/main.js:131:11)

    console.log
      ◇ injected env (0) from .env // tip: ⌘ override existing { override: true }

      at _log (node_modules/dotenv/lib/main.js:131:11)

    console.log
      ◇ injected env (0) from .env // tip: ⌘ enable debugging { debug: true }

      at _log (node_modules/dotenv/lib/main.js:131:11)

    console.log
      ◇ injected env (0) from .env // tip: ◈ secrets for agents [www.dotenvx.com]

      at _log (node_modules/dotenv/lib/main.js:131:11)

PASS src/__tests__/outletService.test.ts (7.581 s)
  ● Console

    console.log
      ◇ injected env (0) from .env.test // tip: ⌘ enable debugging { debug: true }

      at _log (node_modules/dotenv/lib/main.js:131:11)

    console.log
      ◇ injected env (10) from .env // tip: ⌘ override existing { override: true }

      at _log (node_modules/dotenv/lib/main.js:131:11)

    console.log
      ◇ injected env (0) from .env // tip: ⌘ custom filepath { path: '/custom/path/.env' }

      at _log (node_modules/dotenv/lib/main.js:131:11)

    console.log
      ◇ injected env (0) from .env // tip: ◈ secrets for agents [www.dotenvx.com]

      at _log (node_modules/dotenv/lib/main.js:131:11)

    console.log
      ◇ injected env (0) from .env // tip: ⌘ enable debugging { debug: true }

      at _log (node_modules/dotenv/lib/main.js:131:11)

PASS src/__tests__/productService.test.ts
  ● Console

    console.log
      ◇ injected env (0) from .env.test // tip: ⌘ multiple files { path: ['.env.local', '.env'] }

      at _log (node_modules/dotenv/lib/main.js:131:11)

    console.log
      ◇ injected env (10) from .env // tip: ⌘ enable debugging { debug: true }

      at _log (node_modules/dotenv/lib/main.js:131:11)

PASS src/__tests__/auth.test.ts
  ● Console

    console.log
      ◇ injected env (0) from .env.test // tip: ⌘ override existing { override: true }

      at _log (node_modules/dotenv/lib/main.js:131:11)

    console.log
      ◇ injected env (10) from .env // tip: ⌘ override existing { override: true }

      at _log (node_modules/dotenv/lib/main.js:131:11)

    console.log
      ◇ injected env (0) from .env // tip: ⌘ suppress logs { quiet: true }

      at _log (node_modules/dotenv/lib/main.js:131:11)

    console.log
      ◇ injected env (0) from .env // tip: ◈ encrypted .env [www.dotenvx.com]

      at _log (node_modules/dotenv/lib/main.js:131:11)

PASS src/__tests__/users.test.ts (8.862 s)
  ● Console

    console.log
      ◇ injected env (0) from .env.test // tip: ⌘ enable debugging { debug: true }

      at _log (node_modules/dotenv/lib/main.js:131:11)

    console.log
      ◇ injected env (10) from .env // tip: ◈ secrets for agents [www.dotenvx.com]

      at _log (node_modules/dotenv/lib/main.js:131:11)

    console.log
      ◇ injected env (0) from .env // tip: ⌘ override existing { override: true }

      at _log (node_modules/dotenv/lib/main.js:131:11)

    console.log
      ◇ injected env (0) from .env // tip: ◈ secrets for agents [www.dotenvx.com]

      at _log (node_modules/dotenv/lib/main.js:131:11)

PASS src/__tests__/authService.test.ts
  ● Console

    console.log
      ◇ injected env (0) from .env.test // tip: ⌘ override existing { override: true }

      at _log (node_modules/dotenv/lib/main.js:131:11)

    console.log
      ◇ injected env (10) from .env // tip: ◈ encrypted .env [www.dotenvx.com]

      at _log (node_modules/dotenv/lib/main.js:131:11)

    console.log
      ◇ injected env (0) from .env // tip: ⌘ suppress logs { quiet: true }

      at _log (node_modules/dotenv/lib/main.js:131:11)

PASS src/__tests__/vendor.test.ts (8.865 s)
  ● Console

    console.log
      ◇ injected env (0) from .env.test // tip: ⌘ multiple files { path: ['.env.local', '.env'] }

      at _log (node_modules/dotenv/lib/main.js:131:11)

    console.log
      ◇ injected env (10) from .env // tip: ⌘ suppress logs { quiet: true }

      at _log (node_modules/dotenv/lib/main.js:131:11)

    console.log
      ◇ injected env (0) from .env // tip: ◈ encrypted .env [www.dotenvx.com]

      at _log (node_modules/dotenv/lib/main.js:131:11)

    console.log
      ◇ injected env (0) from .env // tip: ⌘ enable debugging { debug: true }

      at _log (node_modules/dotenv/lib/main.js:131:11)

PASS src/__tests__/journal.test.ts
  ● Console

    console.log
      ◇ injected env (0) from .env.test // tip: ⌘ enable debugging { debug: true }

      at _log (node_modules/dotenv/lib/main.js:131:11)

    console.log
      ◇ injected env (10) from .env // tip: ⌘ custom filepath { path: '/custom/path/.env' }

      at _log (node_modules/dotenv/lib/main.js:131:11)

    console.log
      ◇ injected env (0) from .env // tip: ◈ encrypted .env [www.dotenvx.com]

      at _log (node_modules/dotenv/lib/main.js:131:11)

PASS src/__tests__/product.test.ts (9.169 s)
  ● Console

    console.log
      ◇ injected env (0) from .env.test // tip: ◈ encrypted .env [www.dotenvx.com]

      at _log (node_modules/dotenv/lib/main.js:131:11)

    console.log
      ◇ injected env (10) from .env // tip: ⌘ suppress logs { quiet: true }

      at _log (node_modules/dotenv/lib/main.js:131:11)

    console.log
      ◇ injected env (0) from .env // tip: ⌘ enable debugging { debug: true }

      at _log (node_modules/dotenv/lib/main.js:131:11)

    console.log
      ◇ injected env (0) from .env // tip: ⌘ custom filepath { path: '/custom/path/.env' }

      at _log (node_modules/dotenv/lib/main.js:131:11)

PASS src/__tests__/customer.test.ts
  ● Console

    console.log
      ◇ injected env (0) from .env.test // tip: ◈ secrets for agents [www.dotenvx.com]

      at _log (node_modules/dotenv/lib/main.js:131:11)

    console.log
      ◇ injected env (10) from .env // tip: ⌘ override existing { override: true }

      at _log (node_modules/dotenv/lib/main.js:131:11)

PASS src/__tests__/inventory.test.ts
  ● Console

    console.log
      ◇ injected env (0) from .env.test // tip: ◈ secrets for agents [www.dotenvx.com]

      at _log (node_modules/dotenv/lib/main.js:131:11)

PASS src/__tests__/account.test.ts
  ● Console

    console.log
      ◇ injected env (0) from .env.test // tip: ⌁ auth for agents [www.vestauth.com]

      at _log (node_modules/dotenv/lib/main.js:131:11)

    console.log
      ◇ injected env (10) from .env // tip: ◈ secrets for agents [www.dotenvx.com]

      at _log (node_modules/dotenv/lib/main.js:131:11)

    console.log
      ◇ injected env (0) from .env // tip: ⌘ override existing { override: true }

      at _log (node_modules/dotenv/lib/main.js:131:11)

    console.log
      ◇ injected env (0) from .env // tip: ⌘ enable debugging { debug: true }

      at _log (node_modules/dotenv/lib/main.js:131:11)

    console.log
      ◇ injected env (0) from .env // tip: ⌘ multiple files { path: ['.env.local', '.env'] }

      at _log (node_modules/dotenv/lib/main.js:131:11)

PASS src/__tests__/purchase.test.ts
  ● Console

    console.log
      ◇ injected env (0) from .env.test // tip: ⌁ auth for agents [www.vestauth.com]

      at _log (node_modules/dotenv/lib/main.js:131:11)

PASS src/__tests__/pos.test.ts
  ● Console

    console.log
      ◇ injected env (0) from .env.test // tip: ⌘ multiple files { path: ['.env.local', '.env'] }

      at _log (node_modules/dotenv/lib/main.js:131:11)

PASS src/__tests__/transaction.test.ts
  ● Console

    console.log
      ◇ injected env (0) from .env.test // tip: ⌘ multiple files { path: ['.env.local', '.env'] }

      at _log (node_modules/dotenv/lib/main.js:131:11)

    console.log
      ◇ injected env (10) from .env // tip: ◈ encrypted .env [www.dotenvx.com]

      at _log (node_modules/dotenv/lib/main.js:131:11)

PASS src/__tests__/voucher.test.ts
  ● Console

    console.log
      ◇ injected env (0) from .env.test // tip: ⌁ auth for agents [www.vestauth.com]

      at _log (node_modules/dotenv/lib/main.js:131:11)

    console.log
      ◇ injected env (10) from .env // tip: ⌁ auth for agents [www.vestauth.com]

      at _log (node_modules/dotenv/lib/main.js:131:11)

PASS src/__tests__/report.test.ts
  ● Console

    console.log
      ◇ injected env (0) from .env.test // tip: ⌘ custom filepath { path: '/custom/path/.env' }

      at _log (node_modules/dotenv/lib/main.js:131:11)

    console.log
      ◇ injected env (10) from .env // tip: ⌘ multiple files { path: ['.env.local', '.env'] }

      at _log (node_modules/dotenv/lib/main.js:131:11)

FAIL src/__tests__/userService.test.ts
  ● Test suite failed to run

    [96msrc/__tests__/userService.test.ts[0m:[93m24[0m:[93m24[0m - [91merror[0m[90m TS2339: [0mProperty 'countAll' does not exist on type 'typeof import("/home/farhan/Documents/workspaces/joki-it/fiberbone/fiberbone-be/src/models/userModel")'.

    [7m24[0m       expect(userModel.countAll).toHaveBeenCalledWith('');
    [7m  [0m [91m                       ~~~~~~~~[0m

Test Suites: 1 failed, 18 passed, 19 total
Tests:       146 passed, 146 total
Snapshots:   0 total
Time:        10.591 s, estimated 12 s
Ran all test suites.
Force exiting Jest: Have you considered using `--detectOpenHandles` to detect async operations that kept running after all tests finished?
